=== Smith Notes → Bear Migration Thu Jun 18 10:19:16 +07 2026 ===

✓ 2026-04-28
✓ 2026-04-29
✓ 2026-04-30-slack-webhook-domain-setup
✓ 2026-04-30
✓ 2026-05-01-1929
✓ 2026-05-01-pairing-fix
✓ 2026-05-01
✓ 2026-05-02
✓ 2026-05-04-runtime-audit
✓ 2026-05-05-bot-swap
✓ 2026-05-05-first-meeting
✓ 2026-05-05-no-mention
✓ 2026-05-05-slack-canvas-access
✓ 2026-05-06-2043
✓ 2026-05-06-2047
✓ 2026-05-06-2107
✓ 2026-05-06
✓ 2026-05-07-0954
✓ 2026-05-07-discord-bot-setup
✓ 2026-05-07-discord-setup
✓ 2026-05-07
✓ 2026-05-08-1211
✓ 2026-05-08-1215
✓ 2026-05-08-1411
✓ 2026-05-08
✓ 2026-05-09-0826
✓ 2026-05-09-1259
✓ 2026-05-09-2044
✓ 2026-05-09-2051
✓ 2026-05-09-2055
✓ 2026-05-10-1024
✓ 2026-05-10-2049
✓ 2026-05-11
✓ 2026-05-12-2249
✓ 2026-05-13-0655
✓ 2026-05-13-1040
✓ 2026-05-13-1058
✓ 2026-05-14-1048
✓ 2026-05-14-1113
✓ 2026-05-14-1606
✓ 2026-05-14-2118
✓ 2026-05-14
✓ 2026-05-15-0829
✓ 2026-05-15-1016
✓ 2026-05-15-1054
✓ 2026-05-15-1055
✓ 2026-05-15
✓ 2026-05-16-1439
✓ 2026-05-16
✓ 2026-05-17-0135
✓ 2026-05-17-1221
✓ 2026-05-17
✓ 2026-05-18-2140
✓ 2026-05-18-2205
✓ 2026-05-18
✓ 2026-05-19-0727
✓ 2026-05-19-0737
✓ 2026-05-19-0758
✓ 2026-05-19-0759-2
✓ 2026-05-19-0759-3
✓ 2026-05-19-0759
✓ 2026-05-19-0905
✓ 2026-05-19-1320
✓ 2026-05-19
✓ 2026-05-20
✓ 2026-05-21-1324
✓ 2026-05-21-1332
✓ 2026-05-21-1513-2
✓ 2026-05-21-1513
✓ 2026-05-21-1514-2
✓ 2026-05-21-1514
✓ 2026-05-21-1515
✓ 2026-05-21
✓ 2026-05-22
✓ 2026-05-23-1131
✓ 2026-05-23
✓ 2026-05-24-1435
✓ 2026-05-24
✓ 2026-05-25
✓ 2026-05-26
✓ 2026-05-27
✓ 2026-05-28-0749
✓ 2026-05-28-0854
✓ 2026-05-28-1240
✓ 2026-05-28-1653
✓ 2026-05-29-2009
✓ 2026-05-29-2131
✓ 2026-05-29-2149
✓ 2026-05-29-2152
✓ 2026-05-29-2155
✓ 2026-05-29-2206
✓ 2026-05-29-2214-2
✓ 2026-05-29-2214
✓ 2026-05-29-2222
✓ 2026-05-31-1832
✓ 2026-05-31
✓ 2026-06-01-2133
✓ 2026-06-01-2139
✓ 2026-06-01
✓ 2026-06-02-0821
✓ 2026-06-02-0838
✓ 2026-06-02-0944
✓ 2026-06-02
✓ 2026-06-03
✓ MEMORY
✓ README
✓ feedback_discord_memory
✓ feedback_weekly_report_format
✓ heartbeat-state
✓ preferences
✓ project_best_work_schedule
✓ project_calendar_tpn
✓ reference_returnable_box
✓ weekly-review-2026-05-16
✓ weekly-review-2026-05-23
✓ weekly-review-2026-05-30-th
✓ weekly-review-2026-05-30
✓ working-buffer
✓ artifacts/maintenance-summary

--- AI/Agents/Smith.md (token scrubbed) ---
✓ Smith (Agent Config) [token scrubbed]

=== DONE: 1/1 succeeded, 0 failed ===
Thu Jun 18 10:20:12 +07 2026
