=== 🌙 Midnight Memory Maintenance ===
Started: Thu Jun  4 07:15:36 +07 2026

--- Step 1: qmd update ---
Updating 7 collection(s)...

[1/7] memory (**/*.md)
Collection: /Users/Jeff/.openclaw/jarvis/memory (**/*.md)

Indexed: 0 new, 0 updated, 15 unchanged, 0 removed

[2/7] workspaces (**/*.md)
Collection: /Users/Jeff/.openclaw/workspaces (**/*.md)

Indexed: 0 new, 0 updated, 259 unchanged, 0 removed

[3/7] avengers-groot (*.jsonl)
Collection: /Users/Jeff/.openclaw/agents/groot/sessions (*.jsonl)

Indexed: 0 new, 0 updated, 136 unchanged, 0 removed

[4/7] avengers-jarvis (*.jsonl)
Collection: /Users/Jeff/.openclaw/agents/jarvis/sessions (*.jsonl)

Indexed: 0 new, 0 updated, 2 unchanged, 0 removed

[5/7] avengers-morgan (*.jsonl)
Collection: /Users/Jeff/.openclaw/agents/morgan/sessions (*.jsonl)

Indexed: 0 new, 0 updated, 0 unchanged, 0 removed

[6/7] avengers-starlord (*.jsonl)
Collection: /Users/Jeff/.openclaw/agents/star-lord/sessions (*.jsonl)

Indexed: 0 new, 0 updated, 0 unchanged, 0 removed

[7/7] matrix-trinity (*.jsonl)
Collection: /Users/Jeff/.openclaw/agents/trinity/sessions (*.jsonl)

Indexed: 0 new, 0 updated, 2 unchanged, 0 removed

✓ All collections updated.

Run 'qmd embed' to update embeddings (154 unique hashes need vectors)
exit: 0

--- Step 2: qmd embed (memory collection, max-batch-mb 64) ---
✓ All content hashes already have embeddings.
exit: 0

--- Step 3: qmd embed (workspaces collection, max-batch-mb 64) ---
✓ All content hashes already have embeddings.
exit: 0

--- Step 4: qmd cleanup ---
✓ Cleared 0 cached API responses
No orphaned embeddings to remove
✓ Database vacuumed
exit: 0

--- Final: qmd status ---
Size:  254.3 MB
  Vectors:  13947 embedded
  Pending:  154 need embedding (run 'qmd embed')
  Updated:  21h ago

Finished: Thu Jun  4 07:15:37 +07 2026
=== Done ===
